2026-07-22 17:49:59,558 INFO config: {"model": "google/gemma-4-31b-it", "stories": "/root/cbai-cambria-project/results/combined_stories/stories_raw.jsonl", "layers": [6, 15, 24, 33, 42, 51], "n_random": 24, "random_seed": 20260722, "probe_files": ["results/emotion_vectors_it_means.npz", "results/e6_scale_means.npz"], "max_length": 1024, "smoke": false, "git_commit": "27475ba"}
2026-07-22 17:49:59,563 INFO 5888 kept stories, 5888 pending (0 resumed)
2026-07-22 17:50:12,036 INFO loading google/gemma-4-31b-it (bf16)...
2026-07-22 17:51:02,113 INFO model loaded in 50s
2026-07-22 17:51:15,872 INFO 4/5888 stories | 58 tok/s
2026-07-22 17:51:23,481 INFO 8/5888 stories | 73 tok/s
2026-07-22 17:51:31,004 INFO 12/5888 stories | 80 tok/s
2026-07-22 17:51:39,671 INFO 16/5888 stories | 85 tok/s
2026-07-22 17:51:49,756 INFO 20/5888 stories | 88 tok/s
2026-07-22 17:51:59,350 INFO 24/5888 stories | 91 tok/s
2026-07-22 17:52:07,532 INFO 28/5888 stories | 94 tok/s
2026-07-22 17:52:17,096 INFO 32/5888 stories | 95 tok/s
2026-07-22 17:52:24,696 INFO 36/5888 stories | 96 tok/s
2026-07-22 17:52:32,171 INFO 40/5888 stories | 96 tok/s
2026-07-22 17:52:39,635 INFO 44/5888 stories | 97 tok/s
2026-07-22 17:52:47,245 INFO 48/5888 stories | 97 tok/s
2026-07-22 17:52:55,994 INFO 52/5888 stories | 97 tok/s
2026-07-22 17:53:05,546 INFO 56/5888 stories | 97 tok/s
2026-07-22 17:53:15,150 INFO 60/5888 stories | 97 tok/s
2026-07-22 17:53:24,034 INFO 64/5888 stories | 98 tok/s
2026-07-22 17:53:34,159 INFO 68/5888 stories | 98 tok/s
2026-07-22 17:53:38,457 INFO 72/5888 stories | 100 tok/s
2026-07-22 17:53:46,593 INFO 76/5888 stories | 100 tok/s
2026-07-22 17:53:54,464 INFO 80/5888 stories | 100 tok/s
2026-07-22 17:54:02,405 INFO 84/5888 stories | 101 tok/s
2026-07-22 17:54:10,830 INFO 88/5888 stories | 101 tok/s
2026-07-22 17:54:20,502 INFO 92/5888 stories | 101 tok/s
2026-07-22 17:54:29,261 INFO 96/5888 stories | 101 tok/s
2026-07-22 17:54:37,187 INFO 100/5888 stories | 102 tok/s
2026-07-22 17:54:47,383 INFO 104/5888 stories | 101 tok/s
2026-07-22 17:54:55,157 INFO 108/5888 stories | 101 tok/s
2026-07-22 18:04:01,187 INFO config: {"model": "google/gemma-4-31b-it", "stories": "/root/cbai-cambria-project/results/combined_stories/stories_raw.jsonl", "layers": [6, 15, 24, 33, 42, 51], "n_random": 24, "random_seed": 20260722, "probe_files": ["results/emotion_vectors_it_means.npz", "results/e6_scale_means.npz"], "max_length": 1024, "smoke": false, "git_commit": "39f9bcd"}
2026-07-22 18:04:01,194 INFO 5888 kept stories, 5777 pending (111 resumed)
2026-07-22 18:04:13,939 INFO loading google/gemma-4-31b-it (bf16)...
2026-07-22 18:05:04,796 INFO model loaded in 51s
2026-07-22 18:05:14,051 INFO 8/5777 stories | 171 tok/s
2026-07-22 18:05:17,009 INFO 16/5777 stories | 274 tok/s
2026-07-22 18:05:20,277 INFO 24/5777 stories | 338 tok/s
2026-07-22 18:05:23,060 INFO 32/5777 stories | 378 tok/s
2026-07-22 18:05:25,652 INFO 40/5777 stories | 407 tok/s
2026-07-22 18:05:28,666 INFO 48/5777 stories | 422 tok/s
2026-07-22 18:05:31,989 INFO 56/5777 stories | 444 tok/s
2026-07-22 18:05:35,061 INFO 64/5777 stories | 461 tok/s
2026-07-22 18:05:37,598 INFO 72/5777 stories | 473 tok/s
2026-07-22 18:05:40,114 INFO 80/5777 stories | 484 tok/s
2026-07-22 18:05:43,372 INFO 88/5777 stories | 493 tok/s
2026-07-22 18:05:46,698 INFO 96/5777 stories | 502 tok/s
2026-07-22 18:05:49,870 INFO 104/5777 stories | 505 tok/s
2026-07-22 18:05:52,519 INFO 112/5777 stories | 510 tok/s
2026-07-22 18:05:55,306 INFO 120/5777 stories | 515 tok/s
2026-07-22 18:05:58,630 INFO 128/5777 stories | 519 tok/s
2026-07-22 18:06:01,595 INFO 136/5777 stories | 524 tok/s
2026-07-22 18:06:04,239 INFO 144/5777 stories | 528 tok/s
2026-07-22 18:06:06,861 INFO 152/5777 stories | 531 tok/s
2026-07-22 18:06:09,819 INFO 160/5777 stories | 534 tok/s
2026-07-22 18:06:13,112 INFO 168/5777 stories | 537 tok/s
2026-07-22 18:06:16,512 INFO 176/5777 stories | 536 tok/s
2026-07-22 18:06:19,033 INFO 184/5777 stories | 539 tok/s
2026-07-22 18:06:21,916 INFO 192/5777 stories | 540 tok/s
2026-07-22 18:06:25,020 INFO 200/5777 stories | 543 tok/s
2026-07-22 18:06:28,248 INFO 208/5777 stories | 544 tok/s
2026-07-22 18:06:31,145 INFO 216/5777 stories | 544 tok/s
2026-07-22 18:06:34,130 INFO 224/5777 stories | 545 tok/s
2026-07-22 18:06:37,878 INFO 232/5777 stories | 546 tok/s
2026-07-22 18:06:41,140 INFO 240/5777 stories | 547 tok/s
2026-07-22 18:06:43,696 INFO 248/5777 stories | 549 tok/s
2026-07-22 18:06:46,483 INFO 256/5777 stories | 550 tok/s
2026-07-22 18:06:49,500 INFO 264/5777 stories | 551 tok/s
2026-07-22 18:06:52,575 INFO 272/5777 stories | 553 tok/s
2026-07-22 18:06:55,110 INFO 280/5777 stories | 555 tok/s
2026-07-22 18:06:57,746 INFO 288/5777 stories | 555 tok/s
2026-07-22 18:07:00,949 INFO 296/5777 stories | 556 tok/s
2026-07-22 18:07:04,223 INFO 304/5777 stories | 557 tok/s
2026-07-22 18:07:07,172 INFO 312/5777 stories | 558 tok/s
2026-07-22 18:07:09,772 INFO 320/5777 stories | 559 tok/s
2026-07-22 18:07:13,026 INFO 328/5777 stories | 559 tok/s
2026-07-22 18:07:16,720 INFO 336/5777 stories | 559 tok/s
2026-07-22 18:07:19,635 INFO 344/5777 stories | 559 tok/s
2026-07-22 18:07:22,022 INFO 352/5777 stories | 560 tok/s
2026-07-22 18:07:25,241 INFO 360/5777 stories | 560 tok/s
2026-07-22 18:07:28,333 INFO 368/5777 stories | 561 tok/s
2026-07-22 18:07:31,300 INFO 376/5777 stories | 562 tok/s
2026-07-22 18:07:33,961 INFO 384/5777 stories | 563 tok/s
2026-07-22 18:07:36,612 INFO 392/5777 stories | 563 tok/s
2026-07-22 18:07:39,697 INFO 400/5777 stories | 564 tok/s
2026-07-22 18:07:42,784 INFO 408/5777 stories | 565 tok/s
2026-07-22 18:07:45,561 INFO 416/5777 stories | 566 tok/s
2026-07-22 18:07:48,238 INFO 424/5777 stories | 567 tok/s
2026-07-22 18:07:51,494 INFO 432/5777 stories | 567 tok/s
2026-07-22 18:07:54,611 INFO 440/5777 stories | 568 tok/s
2026-07-22 18:07:57,970 INFO 448/5777 stories | 568 tok/s
2026-07-22 18:08:00,494 INFO 456/5777 stories | 568 tok/s
2026-07-22 18:08:03,422 INFO 464/5777 stories | 568 tok/s
2026-07-22 18:08:06,617 INFO 472/5777 stories | 568 tok/s
2026-07-22 18:08:09,672 INFO 480/5777 stories | 569 tok/s
2026-07-22 18:08:12,216 INFO 488/5777 stories | 570 tok/s
2026-07-22 18:08:15,270 INFO 496/5777 stories | 570 tok/s
2026-07-22 18:08:18,511 INFO 504/5777 stories | 570 tok/s
2026-07-22 18:08:21,482 INFO 512/5777 stories | 570 tok/s
2026-07-22 18:08:24,115 INFO 520/5777 stories | 571 tok/s
2026-07-22 18:08:26,860 INFO 528/5777 stories | 571 tok/s
2026-07-22 18:08:29,901 INFO 536/5777 stories | 571 tok/s
2026-07-22 18:08:32,951 INFO 544/5777 stories | 572 tok/s
2026-07-22 18:08:35,604 INFO 552/5777 stories | 572 tok/s
2026-07-22 18:08:38,213 INFO 560/5777 stories | 572 tok/s
2026-07-22 18:08:41,519 INFO 568/5777 stories | 573 tok/s
2026-07-22 18:08:44,885 INFO 576/5777 stories | 573 tok/s
2026-07-22 18:08:47,648 INFO 584/5777 stories | 574 tok/s
2026-07-22 18:08:50,278 INFO 592/5777 stories | 574 tok/s
2026-07-22 18:08:53,088 INFO 600/5777 stories | 574 tok/s
2026-07-22 18:08:56,152 INFO 608/5777 stories | 575 tok/s
2026-07-22 18:08:59,080 INFO 616/5777 stories | 574 tok/s
2026-07-22 18:09:01,557 INFO 624/5777 stories | 575 tok/s
2026-07-22 18:09:04,534 INFO 632/5777 stories | 575 tok/s
2026-07-22 18:09:07,840 INFO 640/5777 stories | 575 tok/s
2026-07-22 18:09:10,690 INFO 648/5777 stories | 575 tok/s
2026-07-22 18:09:13,228 INFO 656/5777 stories | 576 tok/s
2026-07-22 18:09:15,983 INFO 664/5777 stories | 576 tok/s
2026-07-22 18:09:19,237 INFO 672/5777 stories | 576 tok/s
2026-07-22 18:09:22,239 INFO 680/5777 stories | 577 tok/s
2026-07-22 18:09:24,726 INFO 688/5777 stories | 577 tok/s
2026-07-22 18:09:27,562 INFO 696/5777 stories | 577 tok/s
2026-07-22 18:09:30,630 INFO 704/5777 stories | 577 tok/s
2026-07-22 18:09:33,659 INFO 712/5777 stories | 578 tok/s
2026-07-22 18:09:36,490 INFO 720/5777 stories | 578 tok/s
2026-07-22 18:09:39,288 INFO 728/5777 stories | 578 tok/s
2026-07-22 18:09:42,328 INFO 736/5777 stories | 578 tok/s
2026-07-22 18:09:45,416 INFO 744/5777 stories | 579 tok/s
2026-07-22 18:09:48,145 INFO 752/5777 stories | 579 tok/s
2026-07-22 18:09:50,639 INFO 760/5777 stories | 579 tok/s
2026-07-22 18:09:53,887 INFO 768/5777 stories | 579 tok/s
2026-07-22 18:09:57,312 INFO 776/5777 stories | 579 tok/s
2026-07-22 18:10:00,261 INFO 784/5777 stories | 580 tok/s
2026-07-22 18:10:02,872 INFO 792/5777 stories | 580 tok/s
2026-07-22 18:10:05,927 INFO 800/5777 stories | 580 tok/s
2026-07-22 18:10:09,087 INFO 808/5777 stories | 580 tok/s
2026-07-22 18:10:11,894 INFO 816/5777 stories | 580 tok/s
2026-07-22 18:10:14,401 INFO 824/5777 stories | 581 tok/s
2026-07-22 18:10:17,255 INFO 832/5777 stories | 581 tok/s
2026-07-22 18:10:20,359 INFO 840/5777 stories | 581 tok/s
2026-07-22 18:10:23,755 INFO 848/5777 stories | 581 tok/s
2026-07-22 18:10:26,293 INFO 856/5777 stories | 582 tok/s
2026-07-22 18:10:28,814 INFO 864/5777 stories | 582 tok/s
2026-07-22 18:10:32,373 INFO 872/5777 stories | 581 tok/s
2026-07-22 18:10:35,812 INFO 880/5777 stories | 582 tok/s
2026-07-22 18:10:38,755 INFO 888/5777 stories | 582 tok/s
2026-07-22 18:10:41,406 INFO 896/5777 stories | 582 tok/s
2026-07-22 18:10:44,774 INFO 904/5777 stories | 582 tok/s
2026-07-22 18:10:48,019 INFO 912/5777 stories | 582 tok/s
2026-07-22 18:10:50,931 INFO 920/5777 stories | 582 tok/s
2026-07-22 18:10:53,465 INFO 928/5777 stories | 582 tok/s
2026-07-22 18:10:56,323 INFO 936/5777 stories | 582 tok/s
2026-07-22 18:10:59,382 INFO 944/5777 stories | 582 tok/s
2026-07-22 18:11:02,556 INFO 952/5777 stories | 583 tok/s
2026-07-22 18:11:05,362 INFO 960/5777 stories | 583 tok/s
2026-07-22 18:11:08,262 INFO 968/5777 stories | 582 tok/s
2026-07-22 18:11:11,277 INFO 976/5777 stories | 582 tok/s
2026-07-22 18:11:14,701 INFO 984/5777 stories | 583 tok/s
2026-07-22 18:11:17,420 INFO 992/5777 stories | 583 tok/s
2026-07-22 18:11:19,919 INFO 1000/5777 stories | 583 tok/s
2026-07-22 18:11:22,989 INFO 1008/5777 stories | 583 tok/s
2026-07-22 18:11:26,023 INFO 1016/5777 stories | 583 tok/s
2026-07-22 18:11:28,993 INFO 1024/5777 stories | 583 tok/s
2026-07-22 18:11:31,506 INFO 1032/5777 stories | 583 tok/s
2026-07-22 18:11:34,495 INFO 1040/5777 stories | 583 tok/s
2026-07-22 18:11:37,514 INFO 1048/5777 stories | 584 tok/s
2026-07-22 18:11:40,731 INFO 1056/5777 stories | 583 tok/s
2026-07-22 18:11:43,351 INFO 1064/5777 stories | 583 tok/s
2026-07-22 18:11:46,307 INFO 1072/5777 stories | 583 tok/s
2026-07-22 18:11:49,614 INFO 1080/5777 stories | 584 tok/s
2026-07-22 18:11:52,712 INFO 1088/5777 stories | 584 tok/s
2026-07-22 18:11:55,217 INFO 1096/5777 stories | 584 tok/s
2026-07-22 18:11:57,847 INFO 1104/5777 stories | 584 tok/s
2026-07-22 18:12:00,856 INFO 1112/5777 stories | 584 tok/s
2026-07-22 18:12:04,052 INFO 1120/5777 stories | 584 tok/s
2026-07-22 18:12:06,814 INFO 1128/5777 stories | 584 tok/s
2026-07-22 18:12:09,333 INFO 1136/5777 stories | 585 tok/s
2026-07-22 18:12:12,661 INFO 1144/5777 stories | 584 tok/s
2026-07-22 18:12:16,007 INFO 1152/5777 stories | 584 tok/s
2026-07-22 18:12:18,759 INFO 1160/5777 stories | 584 tok/s
2026-07-22 18:12:21,442 INFO 1168/5777 stories | 584 tok/s
2026-07-22 18:12:24,709 INFO 1176/5777 stories | 584 tok/s
2026-07-22 18:12:28,034 INFO 1184/5777 stories | 584 tok/s
2026-07-22 18:12:30,967 INFO 1192/5777 stories | 584 tok/s
2026-07-22 18:12:33,497 INFO 1200/5777 stories | 585 tok/s
2026-07-22 18:12:36,388 INFO 1208/5777 stories | 585 tok/s
2026-07-22 18:12:39,684 INFO 1216/5777 stories | 584 tok/s
2026-07-22 18:12:43,144 INFO 1224/5777 stories | 584 tok/s
2026-07-22 18:12:45,646 INFO 1232/5777 stories | 584 tok/s
2026-07-22 18:12:48,149 INFO 1240/5777 stories | 585 tok/s
2026-07-22 18:12:51,477 INFO 1248/5777 stories | 585 tok/s
2026-07-22 18:12:55,031 INFO 1256/5777 stories | 584 tok/s
2026-07-22 18:12:58,208 INFO 1264/5777 stories | 584 tok/s
2026-07-22 18:13:00,765 INFO 1272/5777 stories | 584 tok/s
2026-07-22 18:13:04,022 INFO 1280/5777 stories | 584 tok/s
2026-07-22 18:13:07,305 INFO 1288/5777 stories | 584 tok/s
2026-07-22 18:13:10,533 INFO 1296/5777 stories | 584 tok/s
2026-07-22 18:13:13,139 INFO 1304/5777 stories | 584 tok/s
2026-07-22 18:13:16,163 INFO 1312/5777 stories | 584 tok/s
2026-07-22 18:13:19,275 INFO 1320/5777 stories | 584 tok/s
2026-07-22 18:13:22,205 INFO 1328/5777 stories | 584 tok/s
2026-07-22 18:13:24,732 INFO 1336/5777 stories | 584 tok/s
2026-07-22 18:13:27,476 INFO 1344/5777 stories | 584 tok/s
2026-07-22 18:13:30,731 INFO 1352/5777 stories | 584 tok/s
2026-07-22 18:13:33,728 INFO 1360/5777 stories | 584 tok/s
2026-07-22 18:13:36,266 INFO 1368/5777 stories | 584 tok/s
2026-07-22 18:13:38,791 INFO 1376/5777 stories | 585 tok/s
2026-07-22 18:13:42,011 INFO 1384/5777 stories | 584 tok/s
2026-07-22 18:13:45,379 INFO 1392/5777 stories | 585 tok/s
2026-07-22 18:13:48,538 INFO 1400/5777 stories | 584 tok/s
2026-07-22 18:13:51,050 INFO 1408/5777 stories | 585 tok/s
2026-07-22 18:13:53,983 INFO 1416/5777 stories | 585 tok/s
2026-07-22 18:13:57,190 INFO 1424/5777 stories | 585 tok/s
2026-07-22 18:14:00,409 INFO 1432/5777 stories | 584 tok/s
2026-07-22 18:14:02,912 INFO 1440/5777 stories | 585 tok/s
2026-07-22 18:14:05,640 INFO 1448/5777 stories | 585 tok/s
2026-07-22 18:14:09,144 INFO 1456/5777 stories | 584 tok/s
2026-07-22 18:14:12,134 INFO 1464/5777 stories | 584 tok/s
2026-07-22 18:14:14,744 INFO 1472/5777 stories | 585 tok/s
2026-07-22 18:14:17,730 INFO 1480/5777 stories | 585 tok/s
2026-07-22 18:14:20,763 INFO 1488/5777 stories | 585 tok/s
2026-07-22 18:14:23,775 INFO 1496/5777 stories | 585 tok/s
2026-07-22 18:14:26,420 INFO 1504/5777 stories | 585 tok/s
2026-07-22 18:14:29,342 INFO 1512/5777 stories | 585 tok/s
2026-07-22 18:14:32,848 INFO 1520/5777 stories | 585 tok/s
2026-07-22 18:14:36,451 INFO 1528/5777 stories | 585 tok/s
2026-07-22 18:14:39,222 INFO 1536/5777 stories | 585 tok/s
2026-07-22 18:14:42,028 INFO 1544/5777 stories | 585 tok/s
2026-07-22 18:14:45,390 INFO 1552/5777 stories | 584 tok/s
2026-07-22 18:14:48,569 INFO 1560/5777 stories | 584 tok/s
2026-07-22 18:14:51,731 INFO 1568/5777 stories | 584 tok/s
2026-07-22 18:14:54,281 INFO 1576/5777 stories | 584 tok/s
2026-07-22 18:14:57,534 INFO 1584/5777 stories | 584 tok/s
2026-07-22 18:15:01,223 INFO 1592/5777 stories | 584 tok/s
2026-07-22 18:15:04,483 INFO 1600/5777 stories | 584 tok/s
2026-07-22 18:15:07,290 INFO 1608/5777 stories | 584 tok/s
2026-07-22 18:15:10,489 INFO 1616/5777 stories | 583 tok/s
2026-07-22 18:15:13,881 INFO 1624/5777 stories | 583 tok/s
2026-07-22 18:15:17,295 INFO 1632/5777 stories | 583 tok/s
2026-07-22 18:15:19,965 INFO 1640/5777 stories | 583 tok/s
2026-07-22 18:15:22,549 INFO 1648/5777 stories | 583 tok/s
2026-07-22 18:15:25,737 INFO 1656/5777 stories | 583 tok/s
2026-07-22 18:15:29,080 INFO 1664/5777 stories | 583 tok/s
2026-07-22 18:15:32,101 INFO 1672/5777 stories | 583 tok/s
2026-07-22 18:15:35,017 INFO 1680/5777 stories | 583 tok/s
2026-07-22 18:15:38,173 INFO 1688/5777 stories | 583 tok/s
2026-07-22 18:15:41,647 INFO 1696/5777 stories | 583 tok/s
2026-07-22 18:15:44,560 INFO 1704/5777 stories | 583 tok/s
2026-07-22 18:15:47,196 INFO 1712/5777 stories | 583 tok/s
2026-07-22 18:15:49,943 INFO 1720/5777 stories | 583 tok/s
2026-07-22 18:15:53,283 INFO 1728/5777 stories | 582 tok/s
2026-07-22 18:15:56,230 INFO 1736/5777 stories | 582 tok/s
2026-07-22 18:15:58,898 INFO 1744/5777 stories | 582 tok/s
2026-07-22 18:16:01,805 INFO 1752/5777 stories | 582 tok/s
2026-07-22 18:16:04,839 INFO 1760/5777 stories | 582 tok/s
2026-07-22 18:16:08,222 INFO 1768/5777 stories | 582 tok/s
2026-07-22 18:16:10,872 INFO 1776/5777 stories | 582 tok/s
2026-07-22 18:16:14,007 INFO 1784/5777 stories | 582 tok/s
2026-07-22 18:16:16,984 INFO 1792/5777 stories | 582 tok/s
2026-07-22 18:16:20,672 INFO 1800/5777 stories | 582 tok/s
2026-07-22 18:16:23,206 INFO 1808/5777 stories | 582 tok/s
2026-07-22 18:16:25,903 INFO 1816/5777 stories | 582 tok/s
2026-07-22 18:16:29,243 INFO 1824/5777 stories | 582 tok/s
2026-07-22 18:16:32,665 INFO 1832/5777 stories | 582 tok/s
2026-07-22 18:16:35,944 INFO 1840/5777 stories | 582 tok/s
2026-07-22 18:16:38,735 INFO 1848/5777 stories | 582 tok/s
2026-07-22 18:16:41,980 INFO 1856/5777 stories | 581 tok/s
2026-07-22 18:16:45,610 INFO 1864/5777 stories | 581 tok/s
2026-07-22 18:16:49,019 INFO 1872/5777 stories | 581 tok/s
2026-07-22 18:16:51,541 INFO 1880/5777 stories | 581 tok/s
2026-07-22 18:16:54,315 INFO 1888/5777 stories | 581 tok/s
2026-07-22 18:16:57,648 INFO 1896/5777 stories | 581 tok/s
2026-07-22 18:17:01,320 INFO 1904/5777 stories | 581 tok/s
2026-07-22 18:17:04,244 INFO 1912/5777 stories | 581 tok/s
2026-07-22 18:17:07,020 INFO 1920/5777 stories | 581 tok/s
2026-07-22 18:17:10,199 INFO 1928/5777 stories | 581 tok/s
2026-07-22 18:17:13,728 INFO 1936/5777 stories | 581 tok/s
2026-07-22 18:17:16,741 INFO 1944/5777 stories | 581 tok/s
2026-07-22 18:17:19,432 INFO 1952/5777 stories | 581 tok/s
2026-07-22 18:17:22,336 INFO 1960/5777 stories | 581 tok/s
2026-07-22 18:17:25,815 INFO 1968/5777 stories | 580 tok/s
2026-07-22 18:17:28,887 INFO 1976/5777 stories | 580 tok/s
2026-07-22 18:17:31,577 INFO 1984/5777 stories | 581 tok/s
2026-07-22 18:17:34,148 INFO 1992/5777 stories | 581 tok/s
2026-07-22 18:17:37,275 INFO 2000/5777 stories | 581 tok/s
2026-07-22 18:17:40,351 INFO 2008/5777 stories | 581 tok/s
2026-07-22 18:17:43,128 INFO 2016/5777 stories | 581 tok/s
2026-07-22 18:17:45,765 INFO 2024/5777 stories | 581 tok/s
2026-07-22 18:17:49,127 INFO 2032/5777 stories | 581 tok/s
2026-07-22 18:17:52,222 INFO 2040/5777 stories | 581 tok/s
2026-07-22 18:17:55,216 INFO 2048/5777 stories | 581 tok/s
2026-07-22 18:17:57,859 INFO 2056/5777 stories | 581 tok/s
2026-07-22 18:18:01,017 INFO 2064/5777 stories | 581 tok/s
2026-07-22 18:18:04,036 INFO 2072/5777 stories | 581 tok/s
2026-07-22 18:18:07,232 INFO 2080/5777 stories | 581 tok/s
2026-07-22 18:18:09,770 INFO 2088/5777 stories | 582 tok/s
2026-07-22 18:18:12,303 INFO 2096/5777 stories | 582 tok/s
2026-07-22 18:18:15,580 INFO 2104/5777 stories | 582 tok/s
2026-07-22 18:18:18,915 INFO 2112/5777 stories | 582 tok/s
2026-07-22 18:18:21,430 INFO 2120/5777 stories | 582 tok/s
2026-07-22 18:18:23,951 INFO 2128/5777 stories | 582 tok/s
2026-07-22 18:18:26,874 INFO 2136/5777 stories | 582 tok/s
2026-07-22 18:18:29,879 INFO 2144/5777 stories | 582 tok/s
2026-07-22 18:18:32,637 INFO 2152/5777 stories | 582 tok/s
2026-07-22 18:18:35,269 INFO 2160/5777 stories | 582 tok/s
2026-07-22 18:18:38,354 INFO 2168/5777 stories | 582 tok/s
2026-07-22 18:18:41,697 INFO 2176/5777 stories | 583 tok/s
2026-07-22 18:18:44,480 INFO 2184/5777 stories | 583 tok/s
2026-07-22 18:18:46,970 INFO 2192/5777 stories | 583 tok/s
2026-07-22 18:18:49,760 INFO 2200/5777 stories | 583 tok/s
2026-07-22 18:18:52,643 INFO 2208/5777 stories | 583 tok/s
2026-07-22 18:18:55,847 INFO 2216/5777 stories | 583 tok/s
2026-07-22 18:18:58,389 INFO 2224/5777 stories | 583 tok/s
2026-07-22 18:19:01,249 INFO 2232/5777 stories | 583 tok/s
2026-07-22 18:19:04,304 INFO 2240/5777 stories | 583 tok/s
2026-07-22 18:19:07,579 INFO 2248/5777 stories | 583 tok/s
2026-07-22 18:19:10,698 INFO 2256/5777 stories | 583 tok/s
2026-07-22 18:19:13,229 INFO 2264/5777 stories | 583 tok/s
2026-07-22 18:19:16,236 INFO 2272/5777 stories | 583 tok/s
2026-07-22 18:19:19,651 INFO 2280/5777 stories | 583 tok/s
2026-07-22 18:19:22,598 INFO 2288/5777 stories | 583 tok/s
2026-07-22 18:19:25,117 INFO 2296/5777 stories | 583 tok/s
2026-07-22 18:19:28,147 INFO 2304/5777 stories | 583 tok/s
2026-07-22 18:19:31,246 INFO 2312/5777 stories | 583 tok/s
2026-07-22 18:19:34,450 INFO 2320/5777 stories | 583 tok/s
2026-07-22 18:19:36,962 INFO 2328/5777 stories | 583 tok/s
2026-07-22 18:19:39,907 INFO 2336/5777 stories | 583 tok/s
2026-07-22 18:19:43,185 INFO 2344/5777 stories | 583 tok/s
2026-07-22 18:19:46,138 INFO 2352/5777 stories | 583 tok/s
2026-07-22 18:19:49,060 INFO 2360/5777 stories | 583 tok/s
2026-07-22 18:19:51,728 INFO 2368/5777 stories | 583 tok/s
2026-07-22 18:19:54,705 INFO 2376/5777 stories | 583 tok/s
2026-07-22 18:19:57,770 INFO 2384/5777 stories | 583 tok/s
2026-07-22 18:20:00,660 INFO 2392/5777 stories | 583 tok/s
2026-07-22 18:20:03,436 INFO 2400/5777 stories | 583 tok/s
2026-07-22 18:20:06,759 INFO 2408/5777 stories | 583 tok/s
2026-07-22 18:20:10,107 INFO 2416/5777 stories | 583 tok/s
2026-07-22 18:20:12,652 INFO 2424/5777 stories | 583 tok/s
2026-07-22 18:20:15,260 INFO 2432/5777 stories | 583 tok/s
2026-07-22 18:20:18,187 INFO 2440/5777 stories | 583 tok/s
2026-07-22 18:20:21,163 INFO 2448/5777 stories | 583 tok/s
2026-07-22 18:20:24,006 INFO 2456/5777 stories | 583 tok/s
2026-07-22 18:20:26,542 INFO 2464/5777 stories | 584 tok/s
2026-07-22 18:20:29,763 INFO 2472/5777 stories | 583 tok/s
2026-07-22 18:20:32,817 INFO 2480/5777 stories | 584 tok/s
2026-07-22 18:20:35,567 INFO 2488/5777 stories | 584 tok/s
2026-07-22 18:20:38,183 INFO 2496/5777 stories | 584 tok/s
2026-07-22 18:20:41,139 INFO 2504/5777 stories | 584 tok/s
2026-07-22 18:20:44,483 INFO 2512/5777 stories | 584 tok/s
2026-07-22 18:20:47,437 INFO 2520/5777 stories | 584 tok/s
2026-07-22 18:20:50,112 INFO 2528/5777 stories | 584 tok/s
2026-07-22 18:20:53,226 INFO 2536/5777 stories | 583 tok/s
2026-07-22 18:20:56,599 INFO 2544/5777 stories | 584 tok/s
2026-07-22 18:20:59,604 INFO 2552/5777 stories | 584 tok/s
2026-07-22 18:21:02,446 INFO 2560/5777 stories | 584 tok/s
2026-07-22 18:21:05,008 INFO 2568/5777 stories | 584 tok/s
2026-07-22 18:21:08,289 INFO 2576/5777 stories | 584 tok/s
2026-07-22 18:21:11,592 INFO 2584/5777 stories | 584 tok/s
2026-07-22 18:21:14,124 INFO 2592/5777 stories | 584 tok/s
2026-07-22 18:21:16,689 INFO 2600/5777 stories | 584 tok/s
2026-07-22 18:21:19,389 INFO 2608/5777 stories | 584 tok/s
2026-07-22 18:21:22,427 INFO 2616/5777 stories | 584 tok/s
2026-07-22 18:21:25,060 INFO 2624/5777 stories | 584 tok/s
2026-07-22 18:21:27,563 INFO 2632/5777 stories | 584 tok/s
2026-07-22 18:21:30,971 INFO 2640/5777 stories | 584 tok/s
2026-07-22 18:21:34,265 INFO 2648/5777 stories | 584 tok/s
2026-07-22 18:21:37,075 INFO 2656/5777 stories | 584 tok/s
2026-07-22 18:21:39,580 INFO 2664/5777 stories | 584 tok/s
2026-07-22 18:21:42,830 INFO 2672/5777 stories | 584 tok/s
2026-07-22 18:21:46,170 INFO 2680/5777 stories | 584 tok/s
2026-07-22 18:21:49,156 INFO 2688/5777 stories | 584 tok/s
2026-07-22 18:21:51,750 INFO 2696/5777 stories | 584 tok/s
2026-07-22 18:21:54,503 INFO 2704/5777 stories | 584 tok/s
2026-07-22 18:21:57,535 INFO 2712/5777 stories | 584 tok/s
2026-07-22 18:22:00,508 INFO 2720/5777 stories | 584 tok/s
2026-07-22 18:22:03,383 INFO 2728/5777 stories | 584 tok/s
2026-07-22 18:22:06,468 INFO 2736/5777 stories | 584 tok/s
2026-07-22 18:22:09,394 INFO 2744/5777 stories | 584 tok/s
2026-07-22 18:22:11,927 INFO 2752/5777 stories | 584 tok/s
2026-07-22 18:22:14,432 INFO 2760/5777 stories | 585 tok/s
2026-07-22 18:22:17,657 INFO 2768/5777 stories | 585 tok/s
2026-07-22 18:22:20,785 INFO 2776/5777 stories | 585 tok/s
2026-07-22 18:22:24,068 INFO 2784/5777 stories | 584 tok/s
2026-07-22 18:22:26,579 INFO 2792/5777 stories | 584 tok/s
2026-07-22 18:22:29,748 INFO 2800/5777 stories | 584 tok/s
2026-07-22 18:22:33,086 INFO 2808/5777 stories | 584 tok/s
2026-07-22 18:22:35,898 INFO 2816/5777 stories | 584 tok/s
2026-07-22 18:22:38,403 INFO 2824/5777 stories | 584 tok/s
2026-07-22 18:22:41,157 INFO 2832/5777 stories | 584 tok/s
2026-07-22 18:22:44,181 INFO 2840/5777 stories | 584 tok/s
2026-07-22 18:22:47,237 INFO 2848/5777 stories | 584 tok/s
2026-07-22 18:22:49,857 INFO 2856/5777 stories | 584 tok/s
2026-07-22 18:22:52,624 INFO 2864/5777 stories | 584 tok/s
2026-07-22 18:22:55,897 INFO 2872/5777 stories | 585 tok/s
2026-07-22 18:22:58,890 INFO 2880/5777 stories | 585 tok/s
2026-07-22 18:23:01,485 INFO 2888/5777 stories | 585 tok/s
2026-07-22 18:23:04,095 INFO 2896/5777 stories | 585 tok/s
2026-07-22 18:23:07,411 INFO 2904/5777 stories | 585 tok/s
2026-07-22 18:23:10,935 INFO 2912/5777 stories | 585 tok/s
2026-07-22 18:23:13,786 INFO 2920/5777 stories | 585 tok/s
2026-07-22 18:23:16,300 INFO 2928/5777 stories | 585 tok/s
2026-07-22 18:23:19,203 INFO 2936/5777 stories | 585 tok/s
2026-07-22 18:23:22,177 INFO 2944/5777 stories | 585 tok/s
2026-07-22 18:23:24,972 INFO 2952/5777 stories | 585 tok/s
2026-07-22 18:23:27,465 INFO 2960/5777 stories | 585 tok/s
2026-07-22 18:23:30,517 INFO 2968/5777 stories | 585 tok/s
2026-07-22 18:23:33,462 INFO 2976/5777 stories | 585 tok/s
2026-07-22 18:23:36,363 INFO 2984/5777 stories | 585 tok/s
2026-07-22 18:23:38,862 INFO 2992/5777 stories | 585 tok/s
2026-07-22 18:23:41,582 INFO 3000/5777 stories | 585 tok/s
2026-07-22 18:23:44,653 INFO 3008/5777 stories | 585 tok/s
2026-07-22 18:23:47,464 INFO 3016/5777 stories | 585 tok/s
2026-07-22 18:23:50,185 INFO 3024/5777 stories | 585 tok/s
2026-07-22 18:23:52,692 INFO 3032/5777 stories | 585 tok/s
2026-07-22 18:23:55,929 INFO 3040/5777 stories | 585 tok/s
2026-07-22 18:23:59,285 INFO 3048/5777 stories | 585 tok/s
2026-07-22 18:24:02,281 INFO 3056/5777 stories | 585 tok/s
2026-07-22 18:24:04,915 INFO 3064/5777 stories | 585 tok/s
2026-07-22 18:24:07,667 INFO 3072/5777 stories | 586 tok/s
2026-07-22 18:24:10,750 INFO 3080/5777 stories | 586 tok/s
2026-07-22 18:24:13,603 INFO 3088/5777 stories | 586 tok/s
2026-07-22 18:24:16,285 INFO 3096/5777 stories | 586 tok/s
2026-07-22 18:24:18,893 INFO 3104/5777 stories | 586 tok/s
2026-07-22 18:24:21,942 INFO 3112/5777 stories | 586 tok/s
2026-07-22 18:24:24,880 INFO 3120/5777 stories | 586 tok/s
2026-07-22 18:24:27,408 INFO 3128/5777 stories | 586 tok/s
2026-07-22 18:24:29,941 INFO 3136/5777 stories | 586 tok/s
2026-07-22 18:24:32,947 INFO 3144/5777 stories | 586 tok/s
2026-07-22 18:24:36,393 INFO 3152/5777 stories | 586 tok/s
2026-07-22 18:24:39,131 INFO 3160/5777 stories | 586 tok/s
2026-07-22 18:24:41,671 INFO 3168/5777 stories | 586 tok/s
2026-07-22 18:24:44,882 INFO 3176/5777 stories | 586 tok/s
2026-07-22 18:24:47,840 INFO 3184/5777 stories | 586 tok/s
2026-07-22 18:24:51,118 INFO 3192/5777 stories | 586 tok/s
2026-07-22 18:24:53,682 INFO 3200/5777 stories | 586 tok/s
2026-07-22 18:24:56,216 INFO 3208/5777 stories | 586 tok/s
2026-07-22 18:24:59,515 INFO 3216/5777 stories | 586 tok/s
2026-07-22 18:25:02,745 INFO 3224/5777 stories | 586 tok/s
2026-07-22 18:25:05,686 INFO 3232/5777 stories | 586 tok/s
2026-07-22 18:25:08,590 INFO 3240/5777 stories | 586 tok/s
2026-07-22 18:25:11,847 INFO 3248/5777 stories | 586 tok/s
2026-07-22 18:25:15,110 INFO 3256/5777 stories | 586 tok/s
2026-07-22 18:25:17,937 INFO 3264/5777 stories | 586 tok/s
2026-07-22 18:25:20,582 INFO 3272/5777 stories | 586 tok/s
2026-07-22 18:25:23,829 INFO 3280/5777 stories | 586 tok/s
2026-07-22 18:25:26,932 INFO 3288/5777 stories | 586 tok/s
2026-07-22 18:25:29,829 INFO 3296/5777 stories | 586 tok/s
2026-07-22 18:25:32,438 INFO 3304/5777 stories | 586 tok/s
2026-07-22 18:25:35,080 INFO 3312/5777 stories | 586 tok/s
2026-07-22 18:25:38,356 INFO 3320/5777 stories | 586 tok/s
2026-07-22 18:25:41,332 INFO 3328/5777 stories | 587 tok/s
2026-07-22 18:25:44,048 INFO 3336/5777 stories | 586 tok/s
2026-07-22 18:25:46,543 INFO 3344/5777 stories | 587 tok/s
2026-07-22 18:25:49,455 INFO 3352/5777 stories | 587 tok/s
2026-07-22 18:25:52,492 INFO 3360/5777 stories | 587 tok/s
2026-07-22 18:25:55,381 INFO 3368/5777 stories | 587 tok/s
2026-07-22 18:25:58,176 INFO 3376/5777 stories | 587 tok/s
2026-07-22 18:26:01,077 INFO 3384/5777 stories | 587 tok/s
2026-07-22 18:26:04,450 INFO 3392/5777 stories | 586 tok/s
2026-07-22 18:26:07,254 INFO 3400/5777 stories | 586 tok/s
2026-07-22 18:26:09,811 INFO 3408/5777 stories | 586 tok/s
2026-07-22 18:26:12,427 INFO 3416/5777 stories | 586 tok/s
2026-07-22 18:26:15,579 INFO 3424/5777 stories | 587 tok/s
2026-07-22 18:26:18,643 INFO 3432/5777 stories | 587 tok/s
2026-07-22 18:26:21,555 INFO 3440/5777 stories | 587 tok/s
2026-07-22 18:26:24,082 INFO 3448/5777 stories | 587 tok/s
2026-07-22 18:26:27,339 INFO 3456/5777 stories | 587 tok/s
2026-07-22 18:26:30,324 INFO 3464/5777 stories | 587 tok/s
2026-07-22 18:26:33,100 INFO 3472/5777 stories | 587 tok/s
2026-07-22 18:26:35,604 INFO 3480/5777 stories | 587 tok/s
2026-07-22 18:26:38,616 INFO 3488/5777 stories | 587 tok/s
2026-07-22 18:26:41,710 INFO 3496/5777 stories | 587 tok/s
2026-07-22 18:26:44,911 INFO 3504/5777 stories | 587 tok/s
2026-07-22 18:26:47,478 INFO 3512/5777 stories | 587 tok/s
2026-07-22 18:26:50,638 INFO 3520/5777 stories | 586 tok/s
2026-07-22 18:26:53,748 INFO 3528/5777 stories | 587 tok/s
2026-07-22 18:26:57,056 INFO 3536/5777 stories | 587 tok/s
2026-07-22 18:26:59,932 INFO 3544/5777 stories | 587 tok/s
2026-07-22 18:27:02,472 INFO 3552/5777 stories | 587 tok/s
2026-07-22 18:27:05,902 INFO 3560/5777 stories | 587 tok/s
2026-07-22 18:27:08,987 INFO 3568/5777 stories | 587 tok/s
2026-07-22 18:27:13,398 INFO 3576/5777 stories | 586 tok/s
2026-07-22 18:27:17,629 INFO 3584/5777 stories | 585 tok/s
2026-07-22 18:27:22,443 INFO 3592/5777 stories | 585 tok/s
2026-07-22 18:27:27,220 INFO 3600/5777 stories | 584 tok/s
2026-07-22 18:27:31,888 INFO 3608/5777 stories | 583 tok/s
2026-07-22 18:27:35,808 INFO 3616/5777 stories | 583 tok/s
2026-07-22 18:27:40,589 INFO 3624/5777 stories | 582 tok/s
2026-07-22 18:27:45,578 INFO 3632/5777 stories | 581 tok/s
2026-07-22 18:27:50,159 INFO 3640/5777 stories | 581 tok/s
2026-07-22 18:27:53,923 INFO 3648/5777 stories | 580 tok/s
2026-07-22 18:27:57,876 INFO 3656/5777 stories | 580 tok/s
2026-07-22 18:28:02,328 INFO 3664/5777 stories | 579 tok/s
2026-07-22 18:28:05,553 INFO 3672/5777 stories | 579 tok/s
2026-07-22 18:28:08,133 INFO 3680/5777 stories | 579 tok/s
2026-07-22 18:28:11,356 INFO 3688/5777 stories | 579 tok/s
2026-07-22 18:28:14,533 INFO 3696/5777 stories | 579 tok/s
2026-07-22 18:28:17,811 INFO 3704/5777 stories | 579 tok/s
2026-07-22 18:28:20,339 INFO 3712/5777 stories | 579 tok/s
2026-07-22 18:28:22,875 INFO 3720/5777 stories | 579 tok/s
2026-07-22 18:28:25,674 INFO 3728/5777 stories | 579 tok/s
2026-07-22 18:28:28,740 INFO 3736/5777 stories | 579 tok/s
2026-07-22 18:28:30,574 INFO 3744/5777 stories | 580 tok/s
2026-07-22 18:28:32,234 INFO 3752/5777 stories | 580 tok/s
2026-07-22 18:28:34,037 INFO 3760/5777 stories | 581 tok/s
2026-07-22 18:28:36,278 INFO 3768/5777 stories | 581 tok/s
2026-07-22 18:28:38,690 INFO 3776/5777 stories | 582 tok/s
2026-07-22 18:28:40,347 INFO 3784/5777 stories | 582 tok/s
2026-07-22 18:28:41,961 INFO 3792/5777 stories | 582 tok/s
2026-07-22 18:28:44,365 INFO 3800/5777 stories | 583 tok/s
2026-07-22 18:28:47,753 INFO 3808/5777 stories | 583 tok/s
2026-07-22 18:28:50,522 INFO 3816/5777 stories | 583 tok/s
2026-07-22 18:28:53,292 INFO 3824/5777 stories | 583 tok/s
2026-07-22 18:28:56,231 INFO 3832/5777 stories | 583 tok/s
2026-07-22 18:28:59,009 INFO 3840/5777 stories | 583 tok/s
2026-07-22 18:29:01,526 INFO 3848/5777 stories | 583 tok/s
2026-07-22 18:29:04,052 INFO 3856/5777 stories | 583 tok/s
2026-07-22 18:29:06,969 INFO 3864/5777 stories | 583 tok/s
2026-07-22 18:29:09,996 INFO 3872/5777 stories | 583 tok/s
2026-07-22 18:29:12,642 INFO 3880/5777 stories | 583 tok/s
2026-07-22 18:29:15,338 INFO 3888/5777 stories | 583 tok/s
2026-07-22 18:29:18,325 INFO 3896/5777 stories | 583 tok/s
2026-07-22 18:29:21,376 INFO 3904/5777 stories | 583 tok/s
2026-07-22 18:29:24,432 INFO 3912/5777 stories | 583 tok/s
2026-07-22 18:29:27,011 INFO 3920/5777 stories | 583 tok/s
2026-07-22 18:29:29,791 INFO 3928/5777 stories | 583 tok/s
2026-07-22 18:29:33,230 INFO 3936/5777 stories | 583 tok/s
2026-07-22 18:29:36,596 INFO 3944/5777 stories | 583 tok/s
2026-07-22 18:29:39,585 INFO 3952/5777 stories | 583 tok/s
2026-07-22 18:29:42,142 INFO 3960/5777 stories | 583 tok/s
2026-07-22 18:29:45,000 INFO 3968/5777 stories | 583 tok/s
2026-07-22 18:29:48,055 INFO 3976/5777 stories | 583 tok/s
2026-07-22 18:29:51,338 INFO 3984/5777 stories | 583 tok/s
2026-07-22 18:29:53,872 INFO 3992/5777 stories | 583 tok/s
2026-07-22 18:29:56,395 INFO 4000/5777 stories | 583 tok/s
2026-07-22 18:29:59,180 INFO 4008/5777 stories | 583 tok/s
2026-07-22 18:30:02,404 INFO 4016/5777 stories | 583 tok/s
2026-07-22 18:30:05,191 INFO 4024/5777 stories | 583 tok/s
2026-07-22 18:30:07,748 INFO 4032/5777 stories | 584 tok/s
2026-07-22 18:30:11,172 INFO 4040/5777 stories | 583 tok/s
2026-07-22 18:30:14,523 INFO 4048/5777 stories | 583 tok/s
2026-07-22 18:30:17,999 INFO 4056/5777 stories | 583 tok/s
2026-07-22 18:30:20,592 INFO 4064/5777 stories | 583 tok/s
2026-07-22 18:30:23,241 INFO 4072/5777 stories | 583 tok/s
2026-07-22 18:30:26,755 INFO 4080/5777 stories | 583 tok/s
2026-07-22 18:30:30,217 INFO 4088/5777 stories | 583 tok/s
2026-07-22 18:30:32,878 INFO 4096/5777 stories | 583 tok/s
2026-07-22 18:30:35,419 INFO 4104/5777 stories | 583 tok/s
2026-07-22 18:30:38,446 INFO 4112/5777 stories | 583 tok/s
2026-07-22 18:30:41,546 INFO 4120/5777 stories | 584 tok/s
2026-07-22 18:30:44,721 INFO 4128/5777 stories | 583 tok/s
2026-07-22 18:30:47,192 INFO 4136/5777 stories | 583 tok/s
2026-07-22 18:30:50,100 INFO 4144/5777 stories | 583 tok/s
2026-07-22 18:30:53,392 INFO 4152/5777 stories | 583 tok/s
2026-07-22 18:30:56,464 INFO 4160/5777 stories | 584 tok/s
2026-07-22 18:30:59,007 INFO 4168/5777 stories | 584 tok/s
2026-07-22 18:31:01,776 INFO 4176/5777 stories | 584 tok/s
2026-07-22 18:31:05,136 INFO 4184/5777 stories | 584 tok/s
2026-07-22 18:31:08,472 INFO 4192/5777 stories | 584 tok/s
2026-07-22 18:31:11,000 INFO 4200/5777 stories | 584 tok/s
2026-07-22 18:31:13,520 INFO 4208/5777 stories | 584 tok/s
2026-07-22 18:31:16,887 INFO 4216/5777 stories | 584 tok/s
2026-07-22 18:31:20,171 INFO 4224/5777 stories | 584 tok/s
2026-07-22 18:31:23,160 INFO 4232/5777 stories | 584 tok/s
2026-07-22 18:31:25,705 INFO 4240/5777 stories | 584 tok/s
2026-07-22 18:31:28,700 INFO 4248/5777 stories | 584 tok/s
2026-07-22 18:31:32,208 INFO 4256/5777 stories | 584 tok/s
2026-07-22 18:31:35,082 INFO 4264/5777 stories | 584 tok/s
2026-07-22 18:31:37,580 INFO 4272/5777 stories | 584 tok/s
2026-07-22 18:31:40,390 INFO 4280/5777 stories | 584 tok/s
2026-07-22 18:31:43,283 INFO 4288/5777 stories | 584 tok/s
2026-07-22 18:31:46,172 INFO 4296/5777 stories | 584 tok/s
2026-07-22 18:31:48,692 INFO 4304/5777 stories | 584 tok/s
2026-07-22 18:31:51,590 INFO 4312/5777 stories | 584 tok/s
2026-07-22 18:31:54,958 INFO 4320/5777 stories | 584 tok/s
2026-07-22 18:31:58,400 INFO 4328/5777 stories | 584 tok/s
2026-07-22 18:32:00,915 INFO 4336/5777 stories | 584 tok/s
2026-07-22 18:32:03,491 INFO 4344/5777 stories | 584 tok/s
2026-07-22 18:32:06,465 INFO 4352/5777 stories | 584 tok/s
2026-07-22 18:32:09,607 INFO 4360/5777 stories | 584 tok/s
2026-07-22 18:32:12,491 INFO 4368/5777 stories | 584 tok/s
2026-07-22 18:32:15,209 INFO 4376/5777 stories | 584 tok/s
2026-07-22 18:32:17,964 INFO 4384/5777 stories | 584 tok/s
2026-07-22 18:32:20,231 INFO 4392/5777 stories | 585 tok/s
2026-07-22 18:32:22,445 INFO 4400/5777 stories | 585 tok/s
2026-07-22 18:32:25,732 INFO 4408/5777 stories | 585 tok/s
2026-07-22 18:32:28,919 INFO 4416/5777 stories | 585 tok/s
2026-07-22 18:32:31,963 INFO 4424/5777 stories | 585 tok/s
2026-07-22 18:32:34,496 INFO 4432/5777 stories | 585 tok/s
2026-07-22 18:32:37,257 INFO 4440/5777 stories | 585 tok/s
2026-07-22 18:32:40,706 INFO 4448/5777 stories | 585 tok/s
2026-07-22 18:32:43,828 INFO 4456/5777 stories | 585 tok/s
2026-07-22 18:32:46,457 INFO 4464/5777 stories | 585 tok/s
2026-07-22 18:32:49,071 INFO 4472/5777 stories | 585 tok/s
2026-07-22 18:32:51,841 INFO 4480/5777 stories | 585 tok/s
2026-07-22 18:32:54,763 INFO 4488/5777 stories | 585 tok/s
2026-07-22 18:32:57,471 INFO 4496/5777 stories | 585 tok/s
2026-07-22 18:32:59,973 INFO 4504/5777 stories | 585 tok/s
2026-07-22 18:33:02,880 INFO 4512/5777 stories | 585 tok/s
2026-07-22 18:33:06,013 INFO 4520/5777 stories | 585 tok/s
2026-07-22 18:33:08,919 INFO 4528/5777 stories | 585 tok/s
2026-07-22 18:33:11,470 INFO 4536/5777 stories | 585 tok/s
2026-07-22 18:33:14,745 INFO 4544/5777 stories | 585 tok/s
2026-07-22 18:33:17,813 INFO 4552/5777 stories | 585 tok/s
2026-07-22 18:33:20,689 INFO 4560/5777 stories | 585 tok/s
2026-07-22 18:33:23,141 INFO 4568/5777 stories | 585 tok/s
2026-07-22 18:33:25,626 INFO 4576/5777 stories | 585 tok/s
2026-07-22 18:33:28,944 INFO 4584/5777 stories | 585 tok/s
2026-07-22 18:33:31,954 INFO 4592/5777 stories | 585 tok/s
2026-07-22 18:33:34,437 INFO 4600/5777 stories | 585 tok/s
2026-07-22 18:33:36,946 INFO 4608/5777 stories | 585 tok/s
2026-07-22 18:33:40,164 INFO 4616/5777 stories | 585 tok/s
2026-07-22 18:33:43,441 INFO 4624/5777 stories | 585 tok/s
2026-07-22 18:33:46,627 INFO 4632/5777 stories | 585 tok/s
2026-07-22 18:33:49,156 INFO 4640/5777 stories | 585 tok/s
2026-07-22 18:33:52,219 INFO 4648/5777 stories | 585 tok/s
2026-07-22 18:33:55,197 INFO 4656/5777 stories | 585 tok/s
2026-07-22 18:33:58,360 INFO 4664/5777 stories | 585 tok/s
2026-07-22 18:34:00,931 INFO 4672/5777 stories | 585 tok/s
2026-07-22 18:34:03,541 INFO 4680/5777 stories | 585 tok/s
2026-07-22 18:34:06,580 INFO 4688/5777 stories | 586 tok/s
2026-07-22 18:34:09,933 INFO 4696/5777 stories | 586 tok/s
2026-07-22 18:34:12,907 INFO 4704/5777 stories | 585 tok/s
2026-07-22 18:34:15,421 INFO 4712/5777 stories | 586 tok/s
2026-07-22 18:34:18,397 INFO 4720/5777 stories | 585 tok/s
2026-07-22 18:34:21,470 INFO 4728/5777 stories | 586 tok/s
2026-07-22 18:34:24,543 INFO 4736/5777 stories | 586 tok/s
2026-07-22 18:34:27,046 INFO 4744/5777 stories | 586 tok/s
2026-07-22 18:34:29,633 INFO 4752/5777 stories | 586 tok/s
2026-07-22 18:34:32,984 INFO 4760/5777 stories | 586 tok/s
2026-07-22 18:34:36,052 INFO 4768/5777 stories | 586 tok/s
2026-07-22 18:34:38,815 INFO 4776/5777 stories | 586 tok/s
2026-07-22 18:34:41,378 INFO 4784/5777 stories | 586 tok/s
2026-07-22 18:34:44,637 INFO 4792/5777 stories | 586 tok/s
2026-07-22 18:34:47,688 INFO 4800/5777 stories | 586 tok/s
2026-07-22 18:34:50,539 INFO 4808/5777 stories | 586 tok/s
2026-07-22 18:34:53,024 INFO 4816/5777 stories | 586 tok/s
2026-07-22 18:34:56,245 INFO 4824/5777 stories | 586 tok/s
2026-07-22 18:34:59,661 INFO 4832/5777 stories | 586 tok/s
2026-07-22 18:35:03,090 INFO 4840/5777 stories | 586 tok/s
2026-07-22 18:35:05,726 INFO 4848/5777 stories | 586 tok/s
2026-07-22 18:35:08,414 INFO 4856/5777 stories | 586 tok/s
2026-07-22 18:35:11,471 INFO 4864/5777 stories | 586 tok/s
2026-07-22 18:35:14,852 INFO 4872/5777 stories | 586 tok/s
2026-07-22 18:35:17,618 INFO 4880/5777 stories | 586 tok/s
2026-07-22 18:35:20,165 INFO 4888/5777 stories | 586 tok/s
2026-07-22 18:35:23,180 INFO 4896/5777 stories | 586 tok/s
2026-07-22 18:35:26,130 INFO 4904/5777 stories | 586 tok/s
2026-07-22 18:35:28,898 INFO 4912/5777 stories | 586 tok/s
2026-07-22 18:35:31,355 INFO 4920/5777 stories | 586 tok/s
2026-07-22 18:35:34,201 INFO 4928/5777 stories | 586 tok/s
2026-07-22 18:35:37,470 INFO 4936/5777 stories | 586 tok/s
2026-07-22 18:35:40,499 INFO 4944/5777 stories | 586 tok/s
2026-07-22 18:35:43,136 INFO 4952/5777 stories | 586 tok/s
2026-07-22 18:35:45,884 INFO 4960/5777 stories | 586 tok/s
2026-07-22 18:35:48,953 INFO 4968/5777 stories | 586 tok/s
2026-07-22 18:35:52,268 INFO 4976/5777 stories | 586 tok/s
2026-07-22 18:35:55,342 INFO 4984/5777 stories | 586 tok/s
2026-07-22 18:35:57,846 INFO 4992/5777 stories | 586 tok/s
2026-07-22 18:36:01,138 INFO 5000/5777 stories | 586 tok/s
2026-07-22 18:36:04,467 INFO 5008/5777 stories | 586 tok/s
2026-07-22 18:36:07,778 INFO 5016/5777 stories | 586 tok/s
2026-07-22 18:36:10,382 INFO 5024/5777 stories | 586 tok/s
2026-07-22 18:36:13,308 INFO 5032/5777 stories | 586 tok/s
2026-07-22 18:36:16,323 INFO 5040/5777 stories | 586 tok/s
2026-07-22 18:36:20,066 INFO 5048/5777 stories | 586 tok/s
2026-07-22 18:36:22,567 INFO 5056/5777 stories | 586 tok/s
2026-07-22 18:36:25,424 INFO 5064/5777 stories | 586 tok/s
2026-07-22 18:36:28,691 INFO 5072/5777 stories | 586 tok/s
2026-07-22 18:36:31,670 INFO 5080/5777 stories | 586 tok/s
2026-07-22 18:36:34,222 INFO 5088/5777 stories | 586 tok/s
2026-07-22 18:36:37,036 INFO 5096/5777 stories | 586 tok/s
2026-07-22 18:36:39,561 INFO 5104/5777 stories | 587 tok/s
2026-07-22 18:36:42,865 INFO 5112/5777 stories | 587 tok/s
2026-07-22 18:36:45,342 INFO 5120/5777 stories | 587 tok/s
2026-07-22 18:36:47,943 INFO 5128/5777 stories | 587 tok/s
2026-07-22 18:36:51,297 INFO 5136/5777 stories | 587 tok/s
2026-07-22 18:36:54,633 INFO 5144/5777 stories | 587 tok/s
2026-07-22 18:36:57,808 INFO 5152/5777 stories | 587 tok/s
2026-07-22 18:37:00,321 INFO 5160/5777 stories | 587 tok/s
2026-07-22 18:37:03,341 INFO 5168/5777 stories | 587 tok/s
2026-07-22 18:37:06,359 INFO 5176/5777 stories | 587 tok/s
2026-07-22 18:37:09,270 INFO 5184/5777 stories | 587 tok/s
2026-07-22 18:37:11,763 INFO 5192/5777 stories | 587 tok/s
2026-07-22 18:37:14,241 INFO 5200/5777 stories | 587 tok/s
2026-07-22 18:37:17,252 INFO 5208/5777 stories | 587 tok/s
2026-07-22 18:37:20,294 INFO 5216/5777 stories | 587 tok/s
2026-07-22 18:37:23,204 INFO 5224/5777 stories | 587 tok/s
2026-07-22 18:37:25,718 INFO 5232/5777 stories | 587 tok/s
2026-07-22 18:37:28,617 INFO 5240/5777 stories | 587 tok/s
2026-07-22 18:37:31,966 INFO 5248/5777 stories | 587 tok/s
2026-07-22 18:37:35,147 INFO 5256/5777 stories | 587 tok/s
2026-07-22 18:37:37,708 INFO 5264/5777 stories | 587 tok/s
2026-07-22 18:37:40,625 INFO 5272/5777 stories | 587 tok/s
2026-07-22 18:37:44,137 INFO 5280/5777 stories | 587 tok/s
2026-07-22 18:37:47,082 INFO 5288/5777 stories | 587 tok/s
2026-07-22 18:37:49,583 INFO 5296/5777 stories | 587 tok/s
2026-07-22 18:37:52,495 INFO 5304/5777 stories | 587 tok/s
2026-07-22 18:37:55,480 INFO 5312/5777 stories | 587 tok/s
2026-07-22 18:37:58,783 INFO 5320/5777 stories | 587 tok/s
2026-07-22 18:38:01,350 INFO 5328/5777 stories | 587 tok/s
2026-07-22 18:38:04,230 INFO 5336/5777 stories | 587 tok/s
2026-07-22 18:38:07,250 INFO 5344/5777 stories | 587 tok/s
2026-07-22 18:38:10,128 INFO 5352/5777 stories | 587 tok/s
2026-07-22 18:38:12,682 INFO 5360/5777 stories | 587 tok/s
2026-07-22 18:38:15,585 INFO 5368/5777 stories | 587 tok/s
2026-07-22 18:38:18,806 INFO 5376/5777 stories | 587 tok/s
2026-07-22 18:38:21,767 INFO 5384/5777 stories | 587 tok/s
2026-07-22 18:38:24,284 INFO 5392/5777 stories | 587 tok/s
2026-07-22 18:38:27,113 INFO 5400/5777 stories | 587 tok/s
2026-07-22 18:38:30,065 INFO 5408/5777 stories | 587 tok/s
2026-07-22 18:38:33,139 INFO 5416/5777 stories | 587 tok/s
2026-07-22 18:38:35,631 INFO 5424/5777 stories | 587 tok/s
2026-07-22 18:38:38,782 INFO 5432/5777 stories | 587 tok/s
2026-07-22 18:38:41,882 INFO 5440/5777 stories | 587 tok/s
2026-07-22 18:38:45,165 INFO 5448/5777 stories | 587 tok/s
2026-07-22 18:38:47,790 INFO 5456/5777 stories | 587 tok/s
2026-07-22 18:38:50,397 INFO 5464/5777 stories | 587 tok/s
2026-07-22 18:38:53,369 INFO 5472/5777 stories | 587 tok/s
2026-07-22 18:38:56,682 INFO 5480/5777 stories | 587 tok/s
2026-07-22 18:38:59,905 INFO 5488/5777 stories | 587 tok/s
2026-07-22 18:39:02,426 INFO 5496/5777 stories | 587 tok/s
2026-07-22 18:39:05,422 INFO 5504/5777 stories | 587 tok/s
2026-07-22 18:39:08,660 INFO 5512/5777 stories | 587 tok/s
2026-07-22 18:39:11,664 INFO 5520/5777 stories | 587 tok/s
2026-07-22 18:39:14,253 INFO 5528/5777 stories | 587 tok/s
2026-07-22 18:39:17,534 INFO 5536/5777 stories | 587 tok/s
2026-07-22 18:39:20,968 INFO 5544/5777 stories | 587 tok/s
2026-07-22 18:39:23,975 INFO 5552/5777 stories | 587 tok/s
2026-07-22 18:39:26,483 INFO 5560/5777 stories | 587 tok/s
2026-07-22 18:39:29,533 INFO 5568/5777 stories | 587 tok/s
2026-07-22 18:39:32,842 INFO 5576/5777 stories | 588 tok/s
2026-07-22 18:39:35,845 INFO 5584/5777 stories | 588 tok/s
2026-07-22 18:39:38,320 INFO 5592/5777 stories | 588 tok/s
2026-07-22 18:39:41,343 INFO 5600/5777 stories | 588 tok/s
2026-07-22 18:39:44,596 INFO 5608/5777 stories | 588 tok/s
2026-07-22 18:39:47,333 INFO 5616/5777 stories | 588 tok/s
2026-07-22 18:39:49,736 INFO 5624/5777 stories | 588 tok/s
2026-07-22 18:39:53,271 INFO 5632/5777 stories | 588 tok/s
2026-07-22 18:39:56,298 INFO 5640/5777 stories | 588 tok/s
2026-07-22 18:39:59,235 INFO 5648/5777 stories | 588 tok/s
2026-07-22 18:40:01,723 INFO 5656/5777 stories | 588 tok/s
2026-07-22 18:40:04,640 INFO 5664/5777 stories | 588 tok/s
2026-07-22 18:40:07,909 INFO 5672/5777 stories | 588 tok/s
2026-07-22 18:40:10,838 INFO 5680/5777 stories | 588 tok/s
2026-07-22 18:40:13,337 INFO 5688/5777 stories | 588 tok/s
2026-07-22 18:40:16,079 INFO 5696/5777 stories | 588 tok/s
2026-07-22 18:40:19,138 INFO 5704/5777 stories | 588 tok/s
2026-07-22 18:40:22,185 INFO 5712/5777 stories | 588 tok/s
2026-07-22 18:40:24,796 INFO 5720/5777 stories | 588 tok/s
2026-07-22 18:40:27,698 INFO 5728/5777 stories | 588 tok/s
2026-07-22 18:40:30,637 INFO 5736/5777 stories | 588 tok/s
2026-07-22 18:40:33,660 INFO 5744/5777 stories | 588 tok/s
2026-07-22 18:40:36,242 INFO 5752/5777 stories | 588 tok/s
2026-07-22 18:40:39,331 INFO 5760/5777 stories | 588 tok/s
2026-07-22 18:40:42,844 INFO 5768/5777 stories | 588 tok/s
2026-07-22 18:40:46,133 INFO 5776/5777 stories | 588 tok/s
2026-07-22 18:40:46,888 INFO 5777/5777 stories | 588 tok/s
2026-07-22 18:40:46,891 INFO DONE: 5777 stories, 1259087 tokens
